[preview.colorlib.com/theme/calvino/index.html]
[backblue.gif]
[fade.gif]
[index.html]
[preview.colorlib.com/theme/calvino/assets/img/icon/favicon.png]
[preview.colorlib.com/theme/calvino/assets/css/bootstrap.min.css]
[preview.colorlib.com/theme/calvino/assets/css/owl.carousel.min.css]
[preview.colorlib.com/theme/calvino/assets/css/slicknav.css]
[preview.colorlib.com/theme/calvino/assets/css/animate.min.css]
[preview.colorlib.com/theme/calvino/assets/css/magnific-popup.css]
[preview.colorlib.com/theme/calvino/assets/css/fontawesome-all.min.css]
[preview.colorlib.com/theme/calvino/assets/css/themify-icons.css]
[preview.colorlib.com/theme/calvino/assets/css/slick.css]
[preview.colorlib.com/theme/calvino/assets/css/nice-select.css]
[preview.colorlib.com/theme/calvino/assets/css/style.css]
[preview.colorlib.com/theme/calvino/index-2.html]
[preview.colorlib.com/theme/calvino/assets/img/logo/logo.png]
[preview.colorlib.com/theme/calvino/about.html]
[preview.colorlib.com/theme/calvino/services.html]
[preview.colorlib.com/theme/calvino/case-study.html]
[preview.colorlib.com/theme/calvino/blog.html]
[preview.colorlib.com/theme/calvino/blog_details.html]
[preview.colorlib.com/theme/calvino/elements.html]
[preview.colorlib.com/theme/calvino/contact.html]
[preview.colorlib.com/theme/calvino/assets/img/icon/services1.svg]
[preview.colorlib.com/theme/calvino/assets/img/icon/services2.svg]
[preview.colorlib.com/theme/calvino/assets/img/icon/services3.svg]
[preview.colorlib.com/theme/calvino/assets/img/icon/services5.png]
[preview.colorlib.com/theme/calvino/assets/img/gallery/shape-1.png]
[preview.colorlib.com/theme/calvino/assets/img/gallery/shape-2.png]
[preview.colorlib.com/theme/calvino/assets/img/gallery/about1.png]
[preview.colorlib.com/theme/calvino/assets/img/icon/price1.svg]
[preview.colorlib.com/theme/calvino/assets/img/icon/price2.svg]
[preview.colorlib.com/theme/calvino/assets/img/icon/price3.svg]
[preview.colorlib.com/theme/calvino/assets/img/gallery/brand1.png]
[preview.colorlib.com/theme/calvino/assets/img/gallery/brand2.png]
[preview.colorlib.com/theme/calvino/assets/img/gallery/brand3.png]
[preview.colorlib.com/theme/calvino/assets/img/gallery/brand4.png]
[preview.colorlib.com/theme/calvino/assets/img/gallery/stuffs1.jpg]
[preview.colorlib.com/theme/calvino/assets/img/gallery/stuffs2.jpg]
[preview.colorlib.com/theme/calvino/assets/img/gallery/stuffs3.jpg]
[preview.colorlib.com/theme/calvino/assets/img/gallery/t-woner.png]
[preview.colorlib.com/theme/calvino/assets/img/logo/logo2_footer.png]
[preview.colorlib.com/cdn-cgi/scripts/5c5dd728/cloudflare-static/email-decode.min.js]
[preview.colorlib.com/theme/calvino/assets/js/vendor/modernizr-3.5.0.min.js]
[preview.colorlib.com/theme/calvino/assets/js/vendor/jquery-1.12.4.min.js]
[preview.colorlib.com/theme/calvino/assets/js/popper.min.js]
[preview.colorlib.com/theme/calvino/assets/js/bootstrap.min.js]
[preview.colorlib.com/theme/calvino/assets/js/owl.carousel.min.js]
[preview.colorlib.com/theme/calvino/assets/js/slick.min.js]
[preview.colorlib.com/theme/calvino/assets/js/jquery.slicknav.min.js]
[preview.colorlib.com/theme/calvino/assets/js/wow.min.js]
[preview.colorlib.com/theme/calvino/assets/js/jquery.magnific-popup.js]
[preview.colorlib.com/theme/calvino/assets/js/jquery.nice-select.min.js]
[preview.colorlib.com/theme/calvino/assets/js/jquery.counterup.min.js]
[preview.colorlib.com/theme/calvino/assets/js/waypoints.min.js]
[preview.colorlib.com/theme/calvino/assets/js/contact.js]
[preview.colorlib.com/theme/calvino/assets/js/jquery.form.js]
[preview.colorlib.com/theme/calvino/assets/js/jquery.validate.min.js]
[preview.colorlib.com/theme/calvino/assets/js/mail-script.js]
[preview.colorlib.com/theme/calvino/assets/js/jquery.ajaxchimp.min.js]
[preview.colorlib.com/theme/calvino/assets/js/plugins.js]
[preview.colorlib.com/theme/calvino/assets/js/main.js]
[preview.colorlib.com/theme/calvino/index.html]
[preview.colorlib.com/theme/calvino/assets/css/bootstrap.min.css]
[preview.colorlib.com/theme/calvino/assets/css/owl.carousel.min.css]
[preview.colorlib.com/theme/calvino/assets/css/slicknav.css]
[preview.colorlib.com/theme/calvino/assets/css/animate.min.css]
[preview.colorlib.com/theme/calvino/assets/css/magnific-popup.css]
[preview.colorlib.com/theme/calvino/assets/fonts/fa-brands-400.eot]
[preview.colorlib.com/theme/calvino/assets/fonts/fa-brands-400d41d.eot]
[preview.colorlib.com/theme/calvino/assets/fonts/fa-brands-400.woff2]
[preview.colorlib.com/theme/calvino/assets/fonts/fa-brands-400.woff]
[preview.colorlib.com/theme/calvino/assets/fonts/fa-brands-400.ttf]
[preview.colorlib.com/theme/calvino/assets/fonts/fa-regular-400.eot]
[preview.colorlib.com/theme/calvino/assets/fonts/fa-brands-400.svg]
[preview.colorlib.com/theme/calvino/assets/fonts/fa-regular-400d41d.eot]
[preview.colorlib.com/theme/calvino/assets/fonts/fa-regular-400.woff2]
[preview.colorlib.com/theme/calvino/assets/fonts/fa-regular-400.woff]
[preview.colorlib.com/theme/calvino/assets/fonts/fa-regular-400.ttf]
[preview.colorlib.com/theme/calvino/assets/fonts/fa-regular-400.svg]
[preview.colorlib.com/theme/calvino/assets/fonts/fa-solid-900.eot]
[preview.colorlib.com/theme/calvino/assets/fonts/fa-solid-900d41d.eot]
[preview.colorlib.com/theme/calvino/assets/fonts/fa-solid-900.woff2]
[preview.colorlib.com/theme/calvino/assets/fonts/fa-solid-900.woff]
[preview.colorlib.com/theme/calvino/assets/fonts/fa-solid-900.ttf]
[preview.colorlib.com/theme/calvino/assets/css/fontawesome-all.min.css]
[preview.colorlib.com/theme/calvino/assets/fonts/fa-solid-900.svg]
[preview.colorlib.com/theme/calvino/assets/fonts/themify9f24.eot]
[preview.colorlib.com/theme/calvino/assets/fonts/themifyd41d.eot]
[preview.colorlib.com/theme/calvino/assets/fonts/themify9f24.woff]
[preview.colorlib.com/theme/calvino/assets/fonts/themify9f24.ttf]
[preview.colorlib.com/theme/calvino/assets/css/themify-icons.css]
[preview.colorlib.com/theme/calvino/assets/css/slick.css]
[preview.colorlib.com/theme/calvino/assets/css/nice-select.css]
[preview.colorlib.com/theme/calvino/assets/fonts/themify9f24.svg]
[preview.colorlib.com/theme/calvino/assets/img/hero/h1_hero1.png]
[preview.colorlib.com/theme/calvino/assets/img/hero/h2_hero1.png]
[preview.colorlib.com/theme/calvino/assets/img/gallery/bg-2.png]
[preview.colorlib.com/theme/calvino/assets/img/elements/primary-check.png]
[preview.colorlib.com/theme/calvino/assets/img/elements/success-check.png]
[preview.colorlib.com/theme/calvino/assets/img/elements/disabled-check.png]
[preview.colorlib.com/theme/calvino/assets/img/elements/primary-radio.png]
[preview.colorlib.com/theme/calvino/assets/img/elements/success-radio.png]
[preview.colorlib.com/theme/calvino/assets/img/elements/disabled-radio.png]
[preview.colorlib.com/theme/calvino/assets/css/style.css]
[preview.colorlib.com/cdn-cgi/zaraz/sd0d9.js]
[preview.colorlib.com/theme/calvino/index-2.html]
[preview.colorlib.com/theme/calvino/about.html]
[preview.colorlib.com/theme/calvino/services.html]
[preview.colorlib.com/theme/calvino/case-study.html]
[preview.colorlib.com/theme/calvino/assets/img/blog/single_blog_1.jpg]
[preview.colorlib.com/theme/calvino/assets/img/blog/single_blog_2.jpg]
[preview.colorlib.com/theme/calvino/assets/img/blog/single_blog_3.jpg]
[preview.colorlib.com/theme/calvino/assets/img/blog/single_blog_4.jpg]
[preview.colorlib.com/theme/calvino/assets/img/blog/single_blog_5.jpg]
[preview.colorlib.com/theme/calvino/assets/img/post/post_1.jpg]
[preview.colorlib.com/theme/calvino/assets/img/post/post_2.jpg]
[preview.colorlib.com/theme/calvino/assets/img/post/post_3.jpg]
[preview.colorlib.com/theme/calvino/assets/img/post/post_4.jpg]
[preview.colorlib.com/theme/calvino/assets/img/post/post_5.jpg]
[preview.colorlib.com/theme/calvino/assets/img/post/post_6.jpg]
[preview.colorlib.com/theme/calvino/assets/img/post/post_7.jpg]
[preview.colorlib.com/theme/calvino/assets/img/post/post_8.jpg]
[preview.colorlib.com/theme/calvino/assets/img/post/post_9.jpg]
[preview.colorlib.com/theme/calvino/assets/img/post/post_10.jpg]
[preview.colorlib.com/theme/calvino/assets/img/gallery/footer-bg.jpg]
[preview.colorlib.com/theme/calvino/blog.html]
[preview.colorlib.com/theme/calvino/assets/img/post/preview.jpg]
[preview.colorlib.com/theme/calvino/assets/img/post/next.jpg]
[preview.colorlib.com/theme/calvino/assets/img/blog/author.png]
[preview.colorlib.com/theme/calvino/assets/img/blog/comment_1.png]
[preview.colorlib.com/theme/calvino/assets/img/blog/comment_2.png]
[preview.colorlib.com/theme/calvino/assets/img/blog/comment_3.png]
[preview.colorlib.com/theme/calvino/blog_details.html]
[preview.colorlib.com/theme/calvino/assets/img/elements/d.jpg]
[preview.colorlib.com/theme/calvino/assets/img/elements/f1.jpg]
[preview.colorlib.com/theme/calvino/assets/img/elements/f2.jpg]
[preview.colorlib.com/theme/calvino/assets/img/elements/f3.jpg]
[preview.colorlib.com/theme/calvino/assets/img/elements/f4.jpg]
[preview.colorlib.com/theme/calvino/assets/img/elements/f5.jpg]
[preview.colorlib.com/theme/calvino/assets/img/elements/f6.jpg]
[preview.colorlib.com/theme/calvino/assets/img/elements/f7.jpg]
[preview.colorlib.com/theme/calvino/assets/img/elements/f8.jpg]
[preview.colorlib.com/theme/calvino/assets/img/elements/g1.jpg]
[preview.colorlib.com/theme/calvino/assets/img/elements/g2.jpg]
[preview.colorlib.com/theme/calvino/assets/img/elements/g3.jpg]
[preview.colorlib.com/theme/calvino/assets/img/elements/g4.jpg]
[preview.colorlib.com/theme/calvino/assets/img/elements/g5.jpg]
[preview.colorlib.com/theme/calvino/assets/img/elements/g6.jpg]
[preview.colorlib.com/theme/calvino/assets/img/elements/g7.jpg]
[preview.colorlib.com/theme/calvino/assets/img/elements/g8.jpg]
[preview.colorlib.com/theme/calvino/elements.html]
[preview.colorlib.com/theme/calvino/_https_/maps.gstatic.com/mapfiles/openhand_8_8.cur_]
[maps.gstatic.com/mapfiles/api-3/images/google_white5.png]
[preview.colorlib.com/theme/calvino/contact.html]
[preview.colorlib.com/theme/calvino/assets/img/icon/services1.svg]
[preview.colorlib.com/theme/calvino/assets/img/icon/services2.svg]
[preview.colorlib.com/theme/calvino/assets/img/icon/services3.svg]
[preview.colorlib.com/theme/calvino/assets/img/icon/price1.svg]
[preview.colorlib.com/theme/calvino/assets/img/icon/price2.svg]
[preview.colorlib.com/theme/calvino/assets/img/icon/price3.svg]
[preview.colorlib.com/theme/calvino/assets/fonts/fa-brands-400.svg]
[preview.colorlib.com/theme/calvino/assets/fonts/fa-regular-400.svg]
[preview.colorlib.com/theme/calvino/assets/fonts/fa-solid-900.svg]
[preview.colorlib.com/theme/calvino/assets/fonts/themify9f24.svg]
[preview.colorlib.com/theme/calvino/_https_/maps.gstatic.com/mapfiles/openhand_8_8.html]
